[
    {
        "name": "Well Health Hotels",
        "address": "Inga N. P.O. Box 567",
        "stars": 3,
        "contact": "Kasper Zen",
        "uri": "http://well.org"
    }
]