<?xml version="1.0"?>
<data value="">
  <sample>
    <name>Well Health Hotels</name>
    <address>Inga N. P.O. Box 567</address>
    <stars>3</stars>
    <contact>Kasper Zen</contact>
    <uri>http://well.org</uri>
  </sample>
</data>
